\BOOKMARK [1][-]{section.1}{\376\377\000T\000h\000e\000\040\000O\000n\000e\000-\000P\000a\000r\000a\000g\000r\000a\000p\000h\000\040\000V\000e\000r\000s\000i\000o\000n}{}% 1
\BOOKMARK [1][-]{section.2}{\376\377\000P\000a\000r\000t\000\040\000I\000:\000\040\000H\000o\000w\000\040\000a\000\040\000M\000o\000d\000e\000r\000n\000\040\000M\000a\000r\000k\000e\000t\000\040\000W\000o\000r\000k\000s}{}% 2
\BOOKMARK [2][-]{subsection.2.1}{\376\377\000P\000r\000i\000c\000e\000s\000\040\000a\000r\000e\000\040\000n\000o\000t\000\040\000a\000\040\000s\000i\000n\000g\000l\000e\000\040\000n\000u\000m\000b\000e\000r}{section.2}% 3
\BOOKMARK [2][-]{subsection.2.2}{\376\377\000T\000w\000o\000\040\000k\000i\000n\000d\000s\000\040\000o\000f\000\040\000o\000r\000d\000e\000r\000s\000:\000\040\000l\000i\000m\000i\000t\000\040\000a\000n\000d\000\040\000m\000a\000r\000k\000e\000t}{section.2}% 4
\BOOKMARK [2][-]{subsection.2.3}{\376\377\000P\000r\000i\000c\000e\040\023\000t\000i\000m\000e\000\040\000p\000r\000i\000o\000r\000i\000t\000y}{section.2}% 5
\BOOKMARK [2][-]{subsection.2.4}{\376\377\000T\000i\000c\000k\000\040\000s\000i\000z\000e\000\040\000a\000n\000d\000\040\000l\000o\000t\000\040\000s\000i\000z\000e}{section.2}% 6
\BOOKMARK [2][-]{subsection.2.5}{\376\377\000F\000e\000e\000s}{section.2}% 7
\BOOKMARK [1][-]{section.3}{\376\377\000P\000a\000r\000t\000\040\000I\000I\000:\000\040\000M\000a\000r\000k\000e\000t\000\040\000M\000a\000k\000e\000r\000s\000\040\000a\000n\000d\000\040\000W\000h\000y\000\040\000T\000h\000e\000y\000\040\000G\000e\000t\000\040\000H\000u\000r\000t}{}% 8
\BOOKMARK [2][-]{subsection.3.1}{\376\377\000W\000h\000a\000t\000\040\000a\000\040\000m\000a\000r\000k\000e\000t\000\040\000m\000a\000k\000e\000r\000\040\000d\000o\000e\000s}{section.3}% 9
\BOOKMARK [2][-]{subsection.3.2}{\376\377\000R\000i\000s\000k\000\040\0001\000:\000\040\000i\000n\000v\000e\000n\000t\000o\000r\000y}{section.3}% 10
\BOOKMARK [2][-]{subsection.3.3}{\376\377\000R\000i\000s\000k\000\040\0002\000:\000\040\000a\000d\000v\000e\000r\000s\000e\000\040\000s\000e\000l\000e\000c\000t\000i\000o\000n\000\040\040\024\000\040\000t\000h\000e\000\040\000c\000e\000n\000t\000r\000a\000l\000\040\000i\000d\000e\000a}{section.3}% 11
\BOOKMARK [2][-]{subsection.3.4}{\376\377\000T\000h\000e\000\040\000G\000l\000o\000s\000t\000e\000n\040\023\000M\000i\000l\000g\000r\000o\000m\000\040\000m\000o\000d\000e\000l\000:\000\040\000c\000o\000m\000p\000u\000t\000i\000n\000g\000\040\000t\000h\000e\000\040\000f\000a\000i\000r\000\040\000s\000p\000r\000e\000a\000d}{section.3}% 12
\BOOKMARK [2][-]{subsection.3.5}{\376\377\000B\000e\000l\000i\000e\000f\000\040\000u\000p\000d\000a\000t\000i\000n\000g\000\040\000a\000f\000t\000e\000r\000\040\000e\000a\000c\000h\000\040\000t\000r\000a\000d\000e}{section.3}% 13
\BOOKMARK [2][-]{subsection.3.6}{\376\377\000M\000a\000r\000k\000o\000u\000t\000s\000:\000\040\000m\000e\000a\000s\000u\000r\000i\000n\000g\000\040\000a\000d\000v\000e\000r\000s\000e\000\040\000s\000e\000l\000e\000c\000t\000i\000o\000n\000\040\000f\000r\000o\000m\000\040\000d\000a\000t\000a}{section.3}% 14
\BOOKMARK [2][-]{subsection.3.7}{\376\377\000T\000h\000e\000\040\000r\000e\000n\000t\000-\000o\000r\000-\000t\000o\000x\000i\000c\000i\000t\000y\000\040\000p\000u\000z\000z\000l\000e\000,\000\040\000s\000t\000a\000t\000e\000d\000\040\000p\000l\000a\000i\000n\000l\000y}{section.3}% 15
\BOOKMARK [1][-]{section.4}{\376\377\000P\000a\000r\000t\000\040\000I\000I\000I\000:\000\040\000G\000a\000m\000e\000s\000,\000\040\000E\000q\000u\000i\000l\000i\000b\000r\000i\000u\000m\000,\000\040\000a\000n\000d\000\040\000C\000o\000l\000l\000u\000s\000i\000o\000n}{}% 16
\BOOKMARK [2][-]{subsection.4.1}{\376\377\000W\000h\000a\000t\000\040\000`\000`\000s\000t\000r\000a\000t\000e\000g\000i\000c\000'\000'\000\040\000m\000e\000a\000n\000s}{section.4}% 17
\BOOKMARK [2][-]{subsection.4.2}{\376\377\000B\000e\000r\000t\000r\000a\000n\000d\000\040\000c\000o\000m\000p\000e\000t\000i\000t\000i\000o\000n\000:\000\040\000w\000h\000y\000\040\000t\000h\000e\000\040\000c\000o\000m\000p\000e\000t\000i\000t\000i\000v\000e\000\040\000s\000p\000r\000e\000a\000d\000\040\000i\000s\000\040\000t\000h\000e\000\040\000e\000q\000u\000i\000l\000i\000b\000r\000i\000u\000m}{section.4}% 18
\BOOKMARK [2][-]{subsection.4.3}{\376\377\000R\000e\000p\000e\000a\000t\000e\000d\000\040\000g\000a\000m\000e\000s\000\040\000a\000n\000d\000\040\000c\000o\000l\000l\000u\000s\000i\000o\000n}{section.4}% 19
\BOOKMARK [2][-]{subsection.4.4}{\376\377\000P\000r\000i\000c\000e\000-\000t\000r\000i\000g\000g\000e\000r\000\040\000s\000t\000r\000a\000t\000e\000g\000i\000e\000s\000\040\000a\000n\000d\000\040\000t\000h\000e\000\040\000i\000m\000p\000u\000l\000s\000e\000-\000r\000e\000s\000p\000o\000n\000s\000e\000\040\000t\000e\000s\000t}{section.4}% 20
\BOOKMARK [2][-]{subsection.4.5}{\376\377\000T\000h\000e\000\040\000c\000o\000l\000l\000u\000s\000i\000o\000n\000\040\000i\000n\000d\000e\000x\000\040}{section.4}% 21
\BOOKMARK [1][-]{section.5}{\376\377\000P\000a\000r\000t\000\040\000I\000V\000:\000\040\000L\000e\000a\000r\000n\000i\000n\000g\000\040\000A\000g\000e\000n\000t\000s}{}% 22
\BOOKMARK [2][-]{subsection.5.1}{\376\377\000R\000e\000i\000n\000f\000o\000r\000c\000e\000m\000e\000n\000t\000\040\000l\000e\000a\000r\000n\000i\000n\000g\000\040\000i\000n\000\040\000o\000n\000e\000\040\000p\000a\000r\000a\000g\000r\000a\000p\000h}{section.5}% 23
\BOOKMARK [2][-]{subsection.5.2}{\376\377\000Q\000-\000l\000e\000a\000r\000n\000i\000n\000g\000,\000\040\000w\000i\000t\000h\000\040\000a\000\040\000w\000o\000r\000k\000e\000d\000\040\000e\000x\000a\000m\000p\000l\000e}{section.5}% 24
\BOOKMARK [2][-]{subsection.5.3}{\376\377\000W\000h\000y\000\040\000l\000e\000a\000r\000n\000i\000n\000g\000\040\000a\000g\000e\000n\000t\000s\000\040\000e\000n\000d\000\040\000u\000p\000\040\000c\000o\000l\000l\000u\000d\000i\000n\000g\000\040\000\050\000t\000w\000o\000\040\000d\000i\000f\000f\000e\000r\000e\000n\000t\000\040\000m\000e\000c\000h\000a\000n\000i\000s\000m\000s\000\051}{section.5}% 25
\BOOKMARK [2][-]{subsection.5.4}{\376\377\000N\000o\000-\000r\000e\000g\000r\000e\000t\000\040\000\050\000H\000e\000d\000g\000e\000\051\000\040\000l\000e\000a\000r\000n\000e\000r\000s}{section.5}% 26
\BOOKMARK [2][-]{subsection.5.5}{\376\377\000D\000e\000e\000p\000\040\000R\000L\000\040\000\050\000P\000P\000O\000\051\000\040\000i\000n\000\040\000o\000n\000e\000\040\000l\000i\000n\000e}{section.5}% 27
\BOOKMARK [2][-]{subsection.5.6}{\376\377\000B\000e\000s\000t\000\040\000r\000e\000s\000p\000o\000n\000s\000e\000,\000\040\000e\000x\000p\000l\000o\000i\000t\000a\000b\000i\000l\000i\000t\000y\000,\000\040\000a\000n\000d\000\040\000P\000S\000R\000O}{section.5}% 28
\BOOKMARK [1][-]{section.6}{\376\377\000P\000a\000r\000t\000\040\000V\000:\000\040\000P\000e\000r\000p\000e\000t\000u\000a\000l\000\040\000F\000u\000t\000u\000r\000e\000s\000\040\000a\000n\000d\000\040\000t\000h\000e\000\040\000H\000y\000p\000e\000r\000l\000i\000q\000u\000i\000d\000\040\000E\000x\000c\000h\000a\000n\000g\000e}{}% 29
\BOOKMARK [2][-]{subsection.6.1}{\376\377\000W\000h\000a\000t\000\040\000i\000s\000\040\000a\000\040\000p\000e\000r\000p\000e\000t\000u\000a\000l\000\040\000f\000u\000t\000u\000r\000e\000?}{section.6}% 30
\BOOKMARK [2][-]{subsection.6.2}{\376\377\000H\000y\000p\000e\000r\000l\000i\000q\000u\000i\000d\000\040\000i\000n\000\040\000p\000l\000a\000i\000n\000\040\000w\000o\000r\000d\000s}{section.6}% 31
\BOOKMARK [3][-]{subsubsection.6.2.1}{\376\377\000M\000e\000c\000h\000a\000n\000i\000c\000\040\0001\000:\000\040\000p\000e\000r\000s\000i\000s\000t\000e\000n\000t\000\040\000w\000a\000l\000l\000e\000t\000\040\000i\000d\000e\000n\000t\000i\000t\000y}{subsection.6.2}% 32
\BOOKMARK [3][-]{subsubsection.6.2.2}{\376\377\000M\000e\000c\000h\000a\000n\000i\000c\000\040\0002\000:\000\040\000r\000e\000q\000u\000e\000s\000t\000\040\000b\000u\000d\000g\000e\000t\000s\000\040\000\050\000r\000a\000t\000e\000\040\000l\000i\000m\000i\000t\000s\000\051}{subsection.6.2}% 33
\BOOKMARK [3][-]{subsubsection.6.2.3}{\376\377\000M\000e\000c\000h\000a\000n\000i\000c\000\040\0003\000:\000\040\000p\000r\000i\000c\000e\000d\000\040\000l\000a\000t\000e\000n\000c\000y}{subsection.6.2}% 34
\BOOKMARK [3][-]{subsubsection.6.2.4}{\376\377\000M\000e\000c\000h\000a\000n\000i\000c\000\040\0004\000:\000\040\000t\000i\000c\000k\000-\000s\000i\000z\000e\000\040\000d\000i\000s\000c\000o\000n\000t\000i\000n\000u\000i\000t\000i\000e\000s}{subsection.6.2}% 35
\BOOKMARK [3][-]{subsubsection.6.2.5}{\376\377\000M\000e\000c\000h\000a\000n\000i\000c\000\040\0005\000:\000\040\000H\000L\000P\000,\000\040\000a\000n\000\040\000i\000n\000s\000p\000i\000r\000a\000t\000i\000o\000n\000\040\000f\000o\000r\000\040\000t\000h\000e\000\040\000f\000i\000x\000e\000d\000-\000p\000o\000l\000i\000c\000y\000\040\000b\000e\000n\000c\000h\000m\000a\000r\000k}{subsection.6.2}% 36
\BOOKMARK [3][-]{subsubsection.6.2.6}{\376\377\000M\000e\000c\000h\000a\000n\000i\000c\000\040\0006\000:\000\040\000l\000i\000q\000u\000i\000d\000a\000t\000i\000o\000n\000\040\000c\000a\000s\000c\000a\000d\000e\000s\000\040\000a\000n\000d\000\040\0001\0000\000\040\000O\000c\000t\000o\000b\000e\000r\000\040\0002\0000\0002\0005}{subsection.6.2}% 37
\BOOKMARK [3][-]{subsubsection.6.2.7}{\376\377\000T\000h\000e\000\040\000d\000a\000t\000a\000s\000e\000t}{subsection.6.2}% 38
\BOOKMARK [1][-]{section.7}{\376\377\000P\000a\000r\000t\000\040\000V\000I\000:\000\040\000T\000h\000e\000\040\000M\000o\000d\000e\000l\000,\000\040\000L\000i\000n\000e\000\040\000b\000y\000\040\000L\000i\000n\000e}{}% 39
\BOOKMARK [2][-]{subsection.7.1}{\376\377\000T\000h\000e\000\040\000a\000g\000e\000n\000t\000s}{section.7}% 40
\BOOKMARK [2][-]{subsection.7.2}{\376\377\000S\000t\000a\000t\000e\000,\000\040\000p\000a\000y\000o\000f\000f\000s\000,\000\040\000s\000e\000q\000u\000e\000n\000c\000e}{section.7}% 41
\BOOKMARK [2][-]{subsection.7.3}{\376\377\000B\000e\000n\000c\000h\000m\000a\000r\000k\000s\000\040\000a\000n\000d\000\040\000m\000e\000t\000r\000i\000c\000s}{section.7}% 42
\BOOKMARK [2][-]{subsection.7.4}{\376\377\000T\000h\000e\000\040\000s\000i\000m\000p\000l\000i\000f\000y\000i\000n\000g\000\040\000a\000s\000s\000u\000m\000p\000t\000i\000o\000n\000s\000,\000\040\000a\000n\000d\000\040\000w\000h\000y\000\040\000e\000a\000c\000h\000\040\000i\000s\000\040\000a\000c\000c\000e\000p\000t\000a\000b\000l\000e\000\040\000f\000o\000r\000\040\000n\000o\000w}{section.7}% 43
\BOOKMARK [1][-]{section.8}{\376\377\000P\000a\000r\000t\000\040\000V\000I\000I\000:\000\040\000T\000h\000e\000\040\000R\000e\000s\000e\000a\000r\000c\000h\000\040\000Q\000u\000e\000s\000t\000i\000o\000n\000s\000\040\000a\000n\000d\000\040\000t\000h\000e\000\040\000A\000t\000t\000a\000c\000k\000s}{}% 44
\BOOKMARK [2][-]{subsection.8.1}{\376\377\000R\000Q\0001\000:\000\040\000r\000e\000n\000t\000\040\000o\000r\000\040\000t\000o\000x\000i\000c\000i\000t\000y\000\040\000f\000r\000o\000m\000\040\000t\000h\000e\000\040\000t\000a\000p\000e}{section.8}% 45
\BOOKMARK [2][-]{subsection.8.2}{\376\377\000R\000Q\0002\000:\000\040\000e\000x\000p\000l\000o\000i\000t\000a\000b\000i\000l\000i\000t\000y\000\040\000o\000f\000\040\000l\000e\000a\000r\000n\000e\000d\000\040\000q\000u\000o\000t\000e\000r\000s}{section.8}% 46
\BOOKMARK [2][-]{subsection.8.3}{\376\377\000R\000Q\0003\000:\000\040\000r\000o\000b\000u\000s\000t\000\040\000q\000u\000o\000t\000e\000r\000\040\000a\000n\000d\000\040\000v\000e\000n\000u\000e\000\040\000d\000e\000s\000i\000g\000n}{section.8}% 47
\BOOKMARK [2][-]{subsection.8.4}{\376\377\000H\000o\000w\000\040\000t\000h\000i\000s\000\040\000f\000i\000l\000l\000s\000\040\000t\000h\000e\000\040\000f\000o\000u\000r\000\040\000c\000o\000u\000r\000s\000e\000\040\000m\000o\000d\000u\000l\000e\000s}{section.8}% 48
\BOOKMARK [1][-]{section.9}{\376\377\000P\000a\000r\000t\000\040\000V\000I\000I\000I\000:\000\040\000T\000h\000e\000\040\000L\000i\000t\000e\000r\000a\000t\000u\000r\000e\000,\000\040\000i\000n\000\040\000P\000l\000a\000i\000n\000\040\000W\000o\000r\000d\000s}{}% 49
\BOOKMARK [1][-]{section.10}{\376\377\000P\000a\000r\000t\000\040\000I\000X\000:\000\040\000T\000h\000e\000\040\000P\000l\000a\000n}{}% 50
\BOOKMARK [2][-]{subsection.10.1}{\376\377\000T\000h\000e\000\040\000t\000h\000r\000e\000e\000\040\000f\000e\000e\000d\000b\000a\000c\000k\000\040\000q\000u\000e\000s\000t\000i\000o\000n\000s\000,\000\040\000e\000x\000p\000l\000a\000i\000n\000e\000d}{section.10}% 51
\BOOKMARK [1][-]{section.11}{\376\377\000G\000l\000o\000s\000s\000a\000r\000y}{}% 52
